Category: 📺央视频道, Name: CCTV-2, Total: 12, Valid: 12, Valid Percent: 100.00%, Whitelist: 0, IPv4: 12, IPv6: 0, Min Delay: 196 ms, Max Speed: 4.58 M/s, Avg Speed: 3.36 M/s, Max Resolution: 1920x1080
Category: 📺央视频道, Name: CCTV-3, Total: 6, Valid: 6, Valid Percent: 100.00%, Whitelist: 0, IPv4: 6, IPv6: 0, Min Delay: 196 ms, Max Speed: 4.58 M/s, Avg Speed: 3.91 M/s, Max Resolution: 1920x1080
Category: 📺央视频道, Name: CCTV-4, Total: 9, Valid: 9, Valid Percent: 100.00%, Whitelist: 0, IPv4: 9, IPv6: 0, Min Delay: 222 ms, Max Speed: 4.58 M/s, Avg Speed: 1.78 M/s, Max Resolution: 1920x1080
Category: 📺央视频道, Name: CCTV-5, Total: 17, Valid: 17, Valid Percent: 100.00%, Whitelist: 0, IPv4: 17, IPv6: 0, Min Delay: 222 ms, Max Speed: 8.92 M/s, Avg Speed: 3.47 M/s, Max Resolution: 1920x1080
Category: 📺央视频道, Name: CCTV-5+, Total: 7, Valid: 7, Valid Percent: 100.00%, Whitelist: 0, IPv4: 7, IPv6: 0, Min Delay: 222 ms, Max Speed: 8.92 M/s, Avg Speed: 4.04 M/s, Max Resolution: 1920x1080
Category: 📺央视频道, Name: CCTV-6, Total: 12, Valid: 12, Valid Percent: 100.00%, Whitelist: 0, IPv4: 12, IPv6: 0, Min Delay: 196 ms, Max Speed: 8.92 M/s, Avg Speed: 3.46 M/s, Max Resolution: 1920x1080
Category: 📺央视频道, Name: CCTV-7, Total: 13, Valid: 13, Valid Percent: 100.00%, Whitelist: 0, IPv4: 13, IPv6: 0, Min Delay: 71 ms, Max Speed: 76.38 M/s, Avg Speed: 14.85 M/s, Max Resolution: 1920x1080
Category: 📺央视频道, Name: CCTV-8, Total: 12, Valid: 12, Valid Percent: 100.00%, Whitelist: 0, IPv4: 12, IPv6: 0, Min Delay: 71 ms, Max Speed: 76.38 M/s, Avg Speed: 9.72 M/s, Max Resolution: 1920x1080
Category: 📺央视频道, Name: CCTV-9, Total: 14, Valid: 14, Valid Percent: 100.00%, Whitelist: 0, IPv4: 14, IPv6: 0, Min Delay: 71 ms, Max Speed: 76.38 M/s, Avg Speed: 9.39 M/s, Max Resolution: 1920x1080
Category: 📺央视频道, Name: CCTV-10, Total: 16, Valid: 16, Valid Percent: 100.00%, Whitelist: 0, IPv4: 16, IPv6: 0, Min Delay: 71 ms, Max Speed: 76.38 M/s, Avg Speed: 7.76 M/s, Max Resolution: 1920x1080
Category: 📺央视频道, Name: CCTV-11, Total: 13, Valid: 13, Valid Percent: 100.00%, Whitelist: 0, IPv4: 13, IPv6: 0, Min Delay: 71 ms, Max Speed: 76.38 M/s, Avg Speed: 9.57 M/s, Max Resolution: 1920x1080
Category: 📺央视频道, Name: CCTV-12, Total: 13, Valid: 13, Valid Percent: 100.00%, Whitelist: 0, IPv4: 13, IPv6: 0, Min Delay: 71 ms, Max Speed: 76.38 M/s, Avg Speed: 9.57 M/s, Max Resolution: 1920x1080
Category: 📺央视频道, Name: CCTV-13, Total: 13, Valid: 13, Valid Percent: 100.00%, Whitelist: 0, IPv4: 11, IPv6: 2, Min Delay: 71 ms, Max Speed: 76.38 M/s, Avg Speed: 9.10 M/s, Max Resolution: 1920x1080
Category: 📺央视频道, Name: CCTV-14, Total: 14, Valid: 14, Valid Percent: 100.00%, Whitelist: 0, IPv4: 12, IPv6: 2, Min Delay: 71 ms, Max Speed: 76.38 M/s, Avg Speed: 8.96 M/s, Max Resolution: 1920x1080
Category: 📺央视频道, Name: CCTV-15, Total: 13, Valid: 13, Valid Percent: 100.00%, Whitelist: 0, IPv4: 13, IPv6: 0, Min Delay: 71 ms, Max Speed: 76.38 M/s, Avg Speed: 9.57 M/s, Max Resolution: 1920x1080
Category: 📺央视频道, Name: CCTV-16, Total: 13, Valid: 13, Valid Percent: 100.00%, Whitelist: 0, IPv4: 13, IPv6: 0, Min Delay: 71 ms, Max Speed: 76.38 M/s, Avg Speed: 9.78 M/s, Max Resolution: 1920x1080
Category: 📺央视频道, Name: CCTV-17, Total: 12, Valid: 12, Valid Percent: 100.00%, Whitelist: 0, IPv4: 12, IPv6: 0, Min Delay: 71 ms, Max Speed: 76.38 M/s, Avg Speed: 10.26 M/s, Max Resolution: 1920x1080
Category: 📡卫视频道, Name: 广东卫视, Total: 8, Valid: 8, Valid Percent: 100.00%, Whitelist: 0, IPv4: 8, IPv6: 0, Min Delay: 71 ms, Max Speed: 76.38 M/s, Avg Speed: 13.21 M/s, Max Resolution: 1920x1080
Category: 📡卫视频道, Name: 浙江卫视, Total: 11, Valid: 11, Valid Percent: 100.00%, Whitelist: 0, IPv4: 9, IPv6: 2, Min Delay: 71 ms, Max Speed: 76.38 M/s, Avg Speed: 10.11 M/s, Max Resolution: 1920x1080
Category: 📡卫视频道, Name: 湖南卫视, Total: 13, Valid: 13, Valid Percent: 100.00%, Whitelist: 0, IPv4: 13, IPv6: 0, Min Delay: 71 ms, Max Speed: 76.38 M/s, Avg Speed: 10.27 M/s, Max Resolution: 3840x2160
Category: 📡卫视频道, Name: 北京卫视, Total: 11, Valid: 11, Valid Percent: 100.00%, Whitelist: 0, IPv4: 11, IPv6: 0, Min Delay: 71 ms, Max Speed: 76.38 M/s, Avg Speed: 10.27 M/s, Max Resolution: 1920x1080
Category: 📡卫视频道, Name: 湖北卫视, Total: 9, Valid: 9, Valid Percent: 100.00%, Whitelist: 0, IPv4: 9, IPv6: 0, Min Delay: 71 ms, Max Speed: 76.38 M/s, Avg Speed: 12.22 M/s, Max Resolution: 1920x1080
Category: 📡卫视频道, Name: 黑龙江卫视, Total: 9, Valid: 9, Valid Percent: 100.00%, Whitelist: 0, IPv4: 9, IPv6: 0, Min Delay: 71 ms, Max Speed: 76.38 M/s, Avg Speed: 12.22 M/s, Max Resolution: 1920x1080
Category: 📡卫视频道, Name: 安徽卫视, Total: 10, Valid: 10, Valid Percent: 100.00%, Whitelist: 0, IPv4: 10, IPv6: 0, Min Delay: 71 ms, Max Speed: 76.38 M/s, Avg Speed: 11.48 M/s, Max Resolution: 1920x1080
Category: 📡卫视频道, Name: 重庆卫视, Total: 9, Valid: 9, Valid Percent: 100.00%, Whitelist: 0, IPv4: 9, IPv6: 0, Min Delay: 71 ms, Max Speed: 76.38 M/s, Avg Speed: 12.22 M/s, Max Resolution: 1920x1080
Category: 📡卫视频道, Name: 东方卫视, Total: 11, Valid: 11, Valid Percent: 100.00%, Whitelist: 0, IPv4: 11, IPv6: 0, Min Delay: 71 ms, Max Speed: 76.38 M/s, Avg Speed: 11.09 M/s, Max Resolution: 1920x1080
Category: 📡卫视频道, Name: 东南卫视, Total: 7, Valid: 7, Valid Percent: 100.00%, Whitelist: 0, IPv4: 7, IPv6: 0, Min Delay: 71 ms, Max Speed: 76.38 M/s, Avg Speed: 14.86 M/s, Max Resolution: 1920x1080
Category: 📡卫视频道, Name: 甘肃卫视, Total: 5, Valid: 5, Valid Percent: 100.00%, Whitelist: 0, IPv4: 5, IPv6: 0, Min Delay: 71 ms, Max Speed: 76.38 M/s, Avg Speed: 18.84 M/s, Max Resolution: 1920x1080
Category: 📡卫视频道, Name: 广西卫视, Total: 7, Valid: 6, Valid Percent: 85.71%, Whitelist: 0, IPv4: 7, IPv6: 0, Min Delay: 71 ms, Max Speed: 76.38 M/s, Avg Speed: 16.57 M/s, Max Resolution: 1920x1080
Category: 📡卫视频道, Name: 贵州卫视, Total: 8, Valid: 8, Valid Percent: 100.00%, Whitelist: 0, IPv4: 8, IPv6: 0, Min Delay: 71 ms, Max Speed: 76.38 M/s, Avg Speed: 13.58 M/s, Max Resolution: 1920x1080
Category: 📡卫视频道, Name: 海南卫视, Total: 5, Valid: 5, Valid Percent: 100.00%, Whitelist: 0, IPv4: 5, IPv6: 0, Min Delay: 71 ms, Max Speed: 76.38 M/s, Avg Speed: 18.27 M/s, Max Resolution: 1920x1080
Category: 📡卫视频道, Name: 河北卫视, Total: 10, Valid: 10, Valid Percent: 100.00%, Whitelist: 0, IPv4: 10, IPv6: 0, Min Delay: 71 ms, Max Speed: 76.38 M/s, Avg Speed: 11.42 M/s, Max Resolution: 1920x1080
Category: 📡卫视频道, Name: 河南卫视, Total: 10, Valid: 10, Valid Percent: 100.00%, Whitelist: 0, IPv4: 10, IPv6: 0, Min Delay: 71 ms, Max Speed: 76.38 M/s, Avg Speed: 11.48 M/s, Max Resolution: 1920x1080
Category: 📡卫视频道, Name: 吉林卫视, Total: 8, Valid: 8, Valid Percent: 100.00%, Whitelist: 0, IPv4: 8, IPv6: 0, Min Delay: 71 ms, Max Speed: 76.38 M/s, Avg Speed: 13.58 M/s, Max Resolution: 1920x1080
Category: 📡卫视频道, Name: 江苏卫视, Total: 10, Valid: 10, Valid Percent: 100.00%, Whitelist: 0, IPv4: 10, IPv6: 0, Min Delay: 71 ms, Max Speed: 76.38 M/s, Avg Speed: 11.61 M/s, Max Resolution: 1920x1080
Category: 📡卫视频道, Name: 江西卫视, Total: 9, Valid: 9, Valid Percent: 100.00%, Whitelist: 0, IPv4: 9, IPv6: 0, Min Delay: 71 ms, Max Speed: 76.38 M/s, Avg Speed: 12.22 M/s, Max Resolution: 1920x1080
Category: 📡卫视频道, Name: 辽宁卫视, Total: 8, Valid: 8, Valid Percent: 100.00%, Whitelist: 0, IPv4: 8, IPv6: 0, Min Delay: 71 ms, Max Speed: 76.38 M/s, Avg Speed: 13.58 M/s, Max Resolution: 1920x1080
Category: 📡卫视频道, Name: 内蒙古卫视, Total: 12, Valid: 12, Valid Percent: 100.00%, Whitelist: 0, IPv4: 10, IPv6: 2, Min Delay: 71 ms, Max Speed: 76.38 M/s, Avg Speed: 9.09 M/s, Max Resolution: 1920x1080
Category: 📡卫视频道, Name: 宁夏卫视, Total: 9, Valid: 9, Valid Percent: 100.00%, Whitelist: 0, IPv4: 9, IPv6: 0, Min Delay: 71 ms, Max Speed: 76.38 M/s, Avg Speed: 11.77 M/s, Max Resolution: 1920x1080
Category: 📡卫视频道, Name: 青海卫视, Total: 11, Valid: 11, Valid Percent: 100.00%, Whitelist: 0, IPv4: 9, IPv6: 2, Min Delay: 71 ms, Max Speed: 76.38 M/s, Avg Speed: 10.13 M/s, Max Resolution: 1920x1080
Category: 📡卫视频道, Name: 山东卫视, Total: 10, Valid: 10, Valid Percent: 100.00%, Whitelist: 0, IPv4: 10, IPv6: 0, Min Delay: 71 ms, Max Speed: 76.38 M/s, Avg Speed: 11.38 M/s, Max Resolution: 1920x1080
Category: 📡卫视频道, Name: 山西卫视, Total: 8, Valid: 8, Valid Percent: 100.00%, Whitelist: 0, IPv4: 8, IPv6: 0, Min Delay: 71 ms, Max Speed: 76.38 M/s, Avg Speed: 13.17 M/s, Max Resolution: 1920x1080
Category: 📡卫视频道, Name: 陕西卫视, Total: 10, Valid: 10, Valid Percent: 100.00%, Whitelist: 0, IPv4: 10, IPv6: 0, Min Delay: 71 ms, Max Speed: 76.38 M/s, Avg Speed: 11.09 M/s, Max Resolution: 1920x1080
Category: 📡卫视频道, Name: 四川卫视, Total: 10, Valid: 10, Valid Percent: 100.00%, Whitelist: 0, IPv4: 10, IPv6: 0, Min Delay: 71 ms, Max Speed: 76.38 M/s, Avg Speed: 11.09 M/s, Max Resolution: 1920x1080
Category: 📡卫视频道, Name: 深圳卫视, Total: 10, Valid: 10, Valid Percent: 100.00%, Whitelist: 0, IPv4: 10, IPv6: 0, Min Delay: 71 ms, Max Speed: 76.38 M/s, Avg Speed: 11.48 M/s, Max Resolution: 1920x1080
Category: 📡卫视频道, Name: 三沙卫视, Total: 6, Valid: 6, Valid Percent: 100.00%, Whitelist: 0, IPv4: 6, IPv6: 0, Min Delay: 71 ms, Max Speed: 76.38 M/s, Avg Speed: 17.26 M/s, Max Resolution: 1920x1080
Category: 📡卫视频道, Name: 天津卫视, Total: 9, Valid: 9, Valid Percent: 100.00%, Whitelist: 0, IPv4: 9, IPv6: 0, Min Delay: 71 ms, Max Speed: 76.38 M/s, Avg Speed: 12.14 M/s, Max Resolution: 1920x1080
Category: 📡卫视频道, Name: 西藏卫视, Total: 10, Valid: 10, Valid Percent: 100.00%, Whitelist: 0, IPv4: 8, IPv6: 2, Min Delay: 71 ms, Max Speed: 76.38 M/s, Avg Speed: 9.88 M/s, Max Resolution: 1920x1080
Category: 📡卫视频道, Name: 新疆卫视, Total: 11, Valid: 11, Valid Percent: 100.00%, Whitelist: 0, IPv4: 10, IPv6: 1, Min Delay: 71 ms, Max Speed: 76.38 M/s, Avg Speed: 10.13 M/s, Max Resolution: 1920x1080
Category: 📡卫视频道, Name: 云南卫视, Total: 11, Valid: 11, Valid Percent: 100.00%, Whitelist: 0, IPv4: 10, IPv6: 1, Min Delay: 71 ms, Max Speed: 76.38 M/s, Avg Speed: 10.05 M/s, Max Resolution: 1920x1080
Category: 🏀体育频道, Name: CCTV-5, Total: 13, Valid: 13, Valid Percent: 100.00%, Whitelist: 0, IPv4: 13, IPv6: 0, Min Delay: 222 ms, Max Speed: 8.92 M/s, Avg Speed: 3.14 M/s, Max Resolution: 1920x1080
Category: 🏀体育频道, Name: CCTV-5+, Total: 7, Valid: 7, Valid Percent: 100.00%, Whitelist: 0, IPv4: 7, IPv6: 0, Min Delay: 222 ms, Max Speed: 8.92 M/s, Avg Speed: 4.04 M/s, Max Resolution: 1920x1080
Category: 🏀体育频道, Name: 广东体育, Total: 8, Valid: 8, Valid Percent: 100.00%, Whitelist: 0, IPv4: 5, IPv6: 3, Min Delay: 222 ms, Max Speed: 20.05 M/s, Avg Speed: 9.21 M/s, Max Resolution: 1920x1080
Category: 🏀体育频道, Name: 纬来体育, Total: 1, Valid: 0, Valid Percent: 0.00%, Whitelist: 0, IPv4: 1, IPv6: 0, Min Delay: -1 ms, Max Speed: 0.00 M/s, Avg Speed: 0.00 M/s, Max Resolution: 1280x720
Category: 🏀体育频道, Name: 五星体育, Total: 3, Valid: 3, Valid Percent: 100.00%, Whitelist: 0, IPv4: 2, IPv6: 1, Min Delay: 222 ms, Max Speed: 20.05 M/s, Avg Speed: 10.94 M/s, Max Resolution: 1920x1080
Category: 🏀体育频道, Name: 山东体育, Total: 1, Valid: 1, Valid Percent: 100.00%, Whitelist: 0, IPv4: 1, IPv6: 0, Min Delay: 71 ms, Max Speed: 1.33 M/s, Avg Speed: 1.33 M/s, Max Resolution: None
Category: 🏀体育频道, Name: 天津体育, Total: 4, Valid: 4, Valid Percent: 100.00%, Whitelist: 0, IPv4: 4, IPv6: 0, Min Delay: 222 ms, Max Speed: 8.57 M/s, Avg Speed: 3.67 M/s, Max Resolution: 1920x1080
Category: 🏀体育频道, Name: 睛彩篮球, Total: 2, Valid: 2, Valid Percent: 100.00%, Whitelist: 0, IPv4: 2, IPv6: 0, Min Delay: 492 ms, Max Speed: 0.35 M/s, Avg Speed: 0.35 M/s, Max Resolution: 1920x1080
Category: 🏀体育频道, Name: 风云足球, Total: 6, Valid: 6, Valid Percent: 100.00%, Whitelist: 0, IPv4: 6, IPv6: 0, Min Delay: 222 ms, Max Speed: 8.92 M/s, Avg Speed: 4.73 M/s, Max Resolution: 1920x1080
Category: 🏀体育频道, Name: 天元围棋, Total: 2, Valid: 2, Valid Percent: 100.00%, Whitelist: 0, IPv4: 2, IPv6: 0, Min Delay: 196 ms, Max Speed: 4.58 M/s, Avg Speed: 4.39 M/s, Max Resolution: 1920x1080
Category: 🏀体育频道, Name: JJ斗地主, Total: 4, Valid: 4, Valid Percent: 100.00%, Whitelist: 0, IPv4: 4, IPv6: 0, Min Delay: 567 ms, Max Speed: 1.11 M/s, Avg Speed: 1.08 M/s, Max Resolution: 1920x1080
